// Jest Snapshot v1, https://goo.gl/fbAQLP

exports[`[37m[44mTesting in <GifGridItem />[49m[39m 1: Should show <GifGridItem /> correctly 1`] = `
<div
  className="card animate__animated animate__fadeIn"
>
  <img
    alt="Any title"
    src="https://localhost/some.jpg"
  />
  <p>
    Any title
  </p>
</div>
`;
